C51 COMPILER V9.60.0.0   MAIN                                                              06/05/2022 10:12:00 PAGE 1   


C51 COMPILER V9.60.0.0, COMPILATION OF MODULE MAIN
OBJECT MODULE PLACED IN .\Objects\main.obj
COMPILER INVOKED BY: D:\Keil_v5\C51\BIN\C51.EXE main.c OPTIMIZE(8,SPEED) BROWSE DEBUG OBJECTEXTEND PRINT(.\Listings\main
                    -.lst) TABS(2) OBJECT(.\Objects\main.obj)

line level    source

   1          #include<reg51.h>
   2          #include"lcd.h"
   3          #include"keypad.h"
   4          #include"delay.h"
   5          
   6          char password[5] = {0};
   7          
   8          void main()
   9          {
  10   1        int i;
  11   1        
  12   1        LCD_Init();
  13   1        delay_ms(1000);
  14   1        //Write_cmd_LCD(0x01);
  15   1        Write_cmd_LCD(0x80);
  16   1        Write_str_LCD(" press any key ");
  17   1        //Write_cmd_LCD(0xc0);
  18   1        
  19   1          while(1)
  20   1          {
  21   2            char val = key_val();
  22   2            Write_cmd_LCD(val);
  23   2            for(i = 0; i < sizeof(password); i++)
  24   2            {
  25   3              password[i] = val;
  26   3            }
  27   2            
  28   2          }//while ends
  29   1        
  30   1      }


MODULE INFORMATION:   STATIC OVERLAYABLE
   CODE SIZE        =     54    ----
   CONSTANT SIZE    =     16    ----
   XDATA SIZE       =   ----    ----
   PDATA SIZE       =   ----    ----
   DATA SIZE        =      5       1
   IDATA SIZE       =   ----    ----
   BIT SIZE         =   ----    ----
END OF MODULE INFORMATION.


C51 COMPILATION COMPLETE.  0 WARNING(S),  0 ERROR(S)
